OK 张售永.md (3页 →       71行)
OK 张国文.md (3页 →       72行)
OK 张培.md (3页 →       90行)
OK 张子阔.md (4页 →      103行)
OK 张字.md (2页 →       59行)
OK 张宏超.md (3页 →       91行)
OK 张小林.md (4页 →       92行)
OK 张小洪.md (3页 →       63行)
OK 张屹磊.md (3页 →       88行)
OK 张岚.md (3页 →       65行)
OK 张帅.md (4页 →      101行)
OK 张帆.md (3页 →       73行)
OK 张强雄.md (4页 →       98行)
OK 张扬.md (4页 →       90行)
OK 张振武.md (3页 →       70行)
OK 张政璐.md (3页 →       62行)
OK 张文胜.md (3页 →       87行)
OK 张斌.md (3页 →       81行)
OK 张新颖.md (5页 →      126行)
OK 张明.md (3页 →       68行)
OK 张易.md (3页 →       78行)
OK 张春阳.md (3页 →       88行)
OK 张晓玉.md (3页 →       72行)
OK 张晓辉.md (3页 →       74行)
OK 张曦.md (3页 →       78行)
OK 张朔.md (3页 →       77行)
OK 张正舟.md (3页 →       74行)
OK 张泽宇.md (3页 →       63行)
OK 张洁.md (3页 →       84行)
OK 张涤.md (3页 →       68行)
OK 张瑞波.md (3页 →       86行)
OK 张知斌.md (3页 →       76行)
OK 张磊.md (2页 →       58行)
OK 张秀兰.md (3页 →       83行)
OK 张秋红.md (3页 →       68行)
OK 张红英.md (4页 →      125行)
OK 张艳宏.md (3页 →       81行)
OK 张莉丽.md (3页 →       71行)
OK 张蔚.md (5页 →      128行)
OK 张要辉.md (4页 →      102行)
OK 张贞.md (2页 →       68行)
OK 张赛美.md (4页 →      110行)
OK 张重友.md (5页 →      142行)
OK 张陈嘉.md (2页 →       58行)
OK 张霆辉.md (4页 →       98行)
OK 张颖.md (3页 →       74行)
OK 彭作豪.md (5页 →      143行)
OK 彭吴宇.md (5页 →      138行)
OK 彭德才.md (3页 →       65行)
OK 彭慧.md (4页 →      127行)
OK 彭文次.md (4页 →       98行)
OK 彭需.md (3页 →       60行)
OK 彭飞.md (6页 →      169行)
OK 徐世骏.md (3页 →       65行)
OK 徐剑.md (2页 →       56行)
OK 徐子嘉.md (3页 →       83行)
OK 徐志鹏.md (3页 →       72行)
OK 徐普.md (3页 →       70行)
OK 徐朝杰.md (4页 →       98行)
OK 徐畅.md (4页 →      124行)
OK 徐福林.md (3页 →       67行)
OK 必用投资有限公司.md (5页 →      128行)
OK 思楚私募基金管理.md (3页 →       72行)
OK 成祖好.md (3页 →       66行)
OK 成都同德投资管理有限公司.md (5页 →      124行)
OK 成都瑞华创新私募基金管理有限公司.md (5页 →      128行)
OK 成都金控弘合股权投资管理有限公司.md (6页 →      175行)
OK 戴伟.md (4页 →      104行)
OK 戴娴巡.md (3页 →       68行)
OK 戴晓昆.md (2页 →       58行)
OK 戴燕玲.md (4页 →       95行)
OK 抒美玲.md (3页 →       65行)
OK 新毅投资基金管理.md (5页 →      141行)
OK 新疆天源汇智资产管理有限公司.md (5页 →      139行)
OK 方兴.md (5页 →      119行)
OK 方力.md (4页 →      118行)
OK 方园.md (3页 →       79行)
OK 方晓萍.md (4页 →      111行)
OK 方浩媛.md (5页 →      119行)
OK 方页杰.md (3页 →       64行)
OK 施宝趾.md (3页 →       78行)
OK 时永飞.md (3页 →       78行)
OK 昌且.md (3页 →       79行)
OK 易聘.md (4页 →      119行)
OK 昔伟.md (5页 →      125行)
OK 昔颖.md (4页 →      101行)
OK 晏良荣.md (3页 →       84行)
OK 晨脉创业投资管理上海有限公司.md (6页 →      161行)
OK 曲鹏轩.md (4页 →       90行)
OK 曹恒瑞.md (5页 →      141行)
OK 曹林波.md (2页 →       54行)
OK 曹罗轩.md (4页 →      122行)
OK 曹辉.md (2页 →       65行)
OK 曾婉瑶.md (4页 →      108行)
OK 曾汉泉.md (3页 →       61行)
OK 曾波.md (6页 →      154行)
OK 曾青.md (3页 →       65行)
OK 朱俊杰.md (3页 →       78行)
OK 朱刚.md (5页 →      157行)
OK 朱强.md (4页 →      100行)
OK 朱思种.md (3页 →       75行)
OK 朱王康.md (4页 →       93行)
OK 朱琳.md (6页 →      175行)
OK 朱艳丽.md (3页 →       71行)
OK 朱重哲.md (3页 →       64行)
OK 朱陈.md (5页 →      120行)
OK 李一浩.md (6页 →      162行)
OK 李上凯.md (4页 →      114行)
OK 李丽卓.md (3页 →       85行)
OK 李丽君.md (3页 →       65行)
OK 李亚青.md (5页 →      112行)
OK 李会填.md (3页 →       66行)
OK 李伟.md (3页 →       69行)
OK 李传明.md (4页 →       90行)
OK 李健.md (6页 →      169行)
OK 李力价.md (3页 →       78行)
OK 李向东.md (3页 →       84行)
OK 李响.md (7页 →      201行)
OK 李嘉瑜.md (3页 →      122行)
OK 李婷.md (3页 →       66行)
OK 李字光.md (4页 →      100行)
OK 李尚融.md (2页 →       48行)
OK 李帆.md (3页 →       82行)
OK 李希.md (3页 →       69行)
OK 李帮.md (6页 →      154行)
OK 李开.md (4页 →      114行)
OK 李强.md (3页 →       91行)
OK 李惠阳.md (4页 →      115行)
OK 李愉芋.md (5页 →      138行)
OK 李敏.md (2页 →       56行)
OK 李明.md (2页 →       54行)
OK 李明伟.md (4页 →      111行)
OK 李明潭.md (4页 →      102行)
