OK 党趾民.md (3页 →       76行)
OK 农佳嘉.md (4页 →      107行)
OK 冯利娟.md (3页 →       81行)
SKIP 冯华伟.md (已有      278 行)
OK 冯广坤.md (5页 →      128行)
OK 冯彪.md (5页 →      135行)
OK 冯晓明.md (4页 →      114行)
OK 凌晓明.md (3页 →       79行)
OK 减崇晓.md (4页 →       94行)
OK 凶顺.md (3页 →       81行)
OK 刘丘.md (4页 →      109行)
OK 刘东杰.md (5页 →      138行)
OK 刘丹丹.md (2页 →       56行)
OK 刘争春.md (3页 →       65行)
OK 刘倩.md (3页 →       81行)
OK 刘兴宇.md (4页 →      119行)
OK 刘冠觅.md (5页 →      127行)
OK 刘凯歌.md (4页 →      113行)
OK 刘博.md (3页 →       69行)
OK 刘娇琳.md (6页 →      155行)
OK 刘安.md (3页 →       83行)
OK 刘寻.md (3页 →       87行)
OK 刘广安.md (4页 →      102行)
OK 刘彩晖.md (2页 →       63行)
OK 刘忆冬.md (3页 →       60行)
OK 刘敏洁.md (3页 →       63行)
OK 刘文杰.md (2页 →       56行)
OK 刘文溢.md (2页 →       57行)
OK 刘斌.md (9页 →      240行)
OK 刘新洁.md (3页 →       77行)
OK 刘明.md (6页 →      174行)
OK 刘昔.md (3页 →       84行)
OK 刘星.md (4页 →      110行)
OK 刘晓冬.md (4页 →       97行)
OK 刘智凌.md (4页 →      119行)
SKIP 刘本安.md (已有       52 行)
OK 刘正林.md (3页 →       65行)
OK 刘汉青.md (3页 →       76行)
OK 刘洪波.md (4页 →      117行)
OK 刘珂.md (7页 →      193行)
OK 刘珊.md (3页 →       88行)
OK 刘瑜佳.md (3页 →       82行)
OK 刘璐.md (3页 →       72行)
OK 刘畅.md (4页 →      108行)
OK 刘益民.md (3页 →       74行)
OK 刘相美.md (3页 →       68行)
OK 刘研.md (3页 →       70行)
OK 刘碧.md (2页 →       57行)
OK 刘秀华.md (3页 →       85行)
OK 刘立德.md (3页 →       69行)
OK 刘纪纲.md (3页 →       67行)
OK 刘继兴.md (4页 →       91行)
OK 刘继红.md (3页 →       68行)
OK 刘翔.md (5页 →      124行)
OK 刘虱.md (7页 →      213行)
OK 刘诀伟.md (3页 →       82行)
OK 刘贤菇.md (5页 →      141行)
OK 初航.md (6页 →      158行)
OK 利丽桃.md (2页 →       52行)
OK 前海长富基金管理有限公司.md (5页 →      139行)
OK 励京投资管理.md (3页 →       85行)
OK 北京一八九八创业投资基金管理中心.md (5页 →      143行)
OK 北京中泰仁和基金管理有限公司.md (3页 →       74行)
OK 北京中财创业投资有限公司.md (4页 →      113行)
OK 北京乾丰同德投资有限公司.md (5页 →      129行)
OK 北京允泰投资管理有限公司.md (4页 →      100行)
OK 北京华镇股权投资基金管理有限公司.md (3页 →       94行)
OK 北京协同仕富资产管理有限公司.md (3页 →       88行)
OK 北京嘉富诚资产管理有限公司.md (4页 →      126行)
OK 北京嘉富诚资本管理有限公司.md (5页 →      127行)
OK 北京国开银信基金管理有限公司.md (4页 →      111行)
OK 北京天星资本股份有限公司.md (3页 →       72行)
OK 北京天星资本股份有限公司以下简称“天星资本妇.md (3页 →       78行)
OK 北京安侈智合股权投资基金管理有限公司.md (4页 →       89行)
OK 北京新日荣盛资本管理有限公司.md (2页 →       49行)
OK 北京景行基金管理有限公司.md (6页 →      151行)
OK 北京格上富信基金销售有限公司.md (4页 →      102行)
OK 北京泛融金资产管理有限公司.md (3页 →       92行)
OK 北京泰合万峰投资管理有限公司.md (3页 →       72行)
OK 北京瑞合泰投资管理有限公司.md (4页 →      100行)
OK 北京瑞颐投资管理有限公司.md (3页 →       81行)
OK 北京盛达瑞丰投资管理有限公司.md (4页 →      113行)
OK 北京竹玉资产管理有限公司.md (3页 →       76行)
OK 北京红林投资管理有限公司.md (3页 →       73行)
OK 北京蓝枫投资基金管理有限公司.md (4页 →      114行)
OK 北京融汇通华投资管理有限公司.md (3页 →       67行)
OK 北京融胜同创投资有限公司.md (2页 →       54行)
OK 北京观石投资管理有限公司.md (2页 →       50行)
OK 北京诺党资产管理有限公司.md (2页 →       65行)
OK 北京钧源资本投资管理有限公司.md (3页 →       71行)
OK 北京钰鼎资产管理有限公司.md (4页 →      115行)
OK 北京铂宇私幕基金管理有限公司.md (3页 →       81行)
OK 北京鹤高资本管理有限公司.md (6页 →      168行)
OK 北部资产经营股份有限公司.md (3页 →       78行)
OK 华王.md (4页 →       88行)
OK 华联汇报股权投资基金管理.md (3页 →       89行)
OK 华设资产管理.md (2页 →       69行)
OK 卓灵晨.md (3页 →       63行)
OK 南京安赐投资管理有限公司.md (4页 →      118行)
OK 南京星海私幕基金管理有限公司.md (2页 →       51行)
OK 南京瞻之异投资管理有限公司.md (4页 →      108行)
OK 博知.md (3页 →       86行)
OK 卢丽娟.md (2页 →       67行)
OK 卢民.md (3页 →       64行)
OK 卢盛华.md (3页 →       66行)
OK 卢紫阳.md (3页 →       68行)
OK 卢高文.md (5页 →      127行)
OK 厦门领军者资产管理有限公司.md (8页 →      244行)
OK 厦门鸿石联合投资管理合伙企业.md (3页 →       68行)
OK 史宏斌.md (3页 →       66行)
OK 史永建.md (6页 →      168行)
OK 叶啸剑.md (3页 →       74行)
OK 叶悦.md (3页 →       79行)
OK 叶舒.md (5页 →      128行)
OK 司维.md (3页 →       96行)
OK 合肥沃加投资管理有限公司.md (4页 →       94行)
OK 吉利.md (4页 →      112行)
OK 向俊杰.md (3页 →       69行)
OK 吕园.md (5页 →      134行)
OK 吕雅莉.md (5页 →      134行)
OK 君信达私募基金管理有限公司.md (2页 →       60行)
OK 吴于菊.md (3页 →       81行)
OK 吴代斌.md (4页 →      115行)
OK 吴伟.md (5页 →      113行)
OK 吴低川.md (3页 →       81行)
OK 吴光孝.md (4页 →       90行)
OK 吴冰莹.md (2页 →       48行)
OK 吴国财.md (2页 →       63行)
OK 吴天宝.md (3页 →       71行)
OK 吴学江.md (3页 →       75行)
OK 吴晓东.md (2页 →       59行)
OK 吴晓威.md (5页 →      124行)
OK 吴智疾.md (3页 →       76行)
