OK 福建省摩方投资管理有限公司以下简称福建摩方.md (3页 →       85行)
OK 福建省未然资产管理有限公司以下简称福建未然.md (3页 →       85行)
OK 福建诚胡资产管理有限公司.md (3页 →       76行)
OK 程兴平.md (4页 →       88行)
OK 程志沅.md (3页 →       76行)
OK 程芳.md (4页 →      119行)
OK 章文图.md (4页 →       97行)
OK 米乐.md (5页 →      137行)
OK 米多北京资产管理有限公司.md (6页 →      168行)
OK 纪云涛.md (2页 →       56行)
OK 纪晨镍.md (4页 →       91行)
OK 缆俭.md (3页 →       66行)
OK 缆月车.md (4页 →       88行)
OK 罗健涛.md (3页 →       92行)
OK 罗凤燕.md (3页 →       77行)
OK 罗和群.md (5页 →      134行)
OK 罗娜.md (3页 →       77行)
OK 罗完杰.md (4页 →      101行)
OK 罗思远.md (2页 →       62行)
OK 罗显志.md (4页 →      119行)
OK 罗晓文.md (5页 →      137行)
OK 罗超.md (2页 →       52行)
OK 考金众合.md (3页 →       81行)
OK 肖九颖.md (4页 →      106行)
OK 肖文虎.md (3页 →       94行)
OK 肖辉.md (3页 →       76行)
OK 肖雄.md (4页 →      115行)
OK 肢守.md (4页 →      107行)
OK 胡人备.md (6页 →      170行)
OK 胡劲风.md (3页 →       75行)
OK 胡孙华.md (5页 →      127行)
OK 胡小华.md (7页 →      179行)
OK 胡晓腊.md (2页 →       62行)
OK 胡欣.md (4页 →      106行)
OK 胡正.md (4页 →       93行)
OK 胡继强.md (4页 →      113行)
OK 胡逸之.md (5页 →      136行)
OK 能迟.md (3页 →       73行)
OK 艺丹.md (3页 →       72行)
OK 节雷.md (2页 →       56行)
OK 苏志斌.md (2页 →       49行)
OK 苏新义.md (3页 →       72行)
OK 苏洋.md (2页 →       61行)
OK 范丽香.md (3页 →       73行)
OK 范婧起.md (4页 →       98行)
OK 范彬.md (3页 →       84行)
OK 范文华.md (4页 →      102行)
OK 范胜朗.md (3页 →       68行)
OK 范赞车.md (3页 →       66行)
OK 荣瑞投资基金管理北京有限公司.md (3页 →       65行)
OK 葛亚莎.md (3页 →       83行)
OK 葛灵验.md (3页 →       80行)
OK 葛长海.md (3页 →       70行)
OK 董坤.md (3页 →       68行)
OK 董政茂.md (4页 →      115行)
OK 董智觅.md (6页 →      154行)
OK 董杰.md (5页 →      129行)
OK 蒋在.md (3页 →       67行)
OK 蒋宁.md (3页 →       63行)
OK 蒋应友.md (4页 →       92行)
OK 蒋科.md (3页 →       79行)
OK 蒋薇.md (2页 →       57行)
OK 薛家发.md (4页 →      103行)
OK 薛永立.md (3页 →       93行)
OK 薛艺.md (5页 →      110行)
OK 虽锋.md (3页 →       83行)
OK 蚊满.md (3页 →       89行)
OK 蜂梨股权投资基金管理.md (3页 →       69行)
OK 袁力.md (4页 →      106行)
OK 袁博.md (2页 →       55行)
OK 袁鸿昌.md (4页 →      101行)
SKIP 西安旅游集团大唐金控投资有限公司.md (已有       77 行)
OK 西藏志拙创业投资管理有限公司.md (4页 →      103行)
OK 西藏昆仓上电信投资管理有限公司.md (4页 →      123行)
OK 西藏谷雨当时投资管理有限公司以下简称西藏谷雨.md (2页 →       58行)
OK 解秀民.md (2页 →       39行)
OK 记玉成.md (3页 →       87行)
OK 记硒.md (3页 →       65行)
OK 许佳听.md (4页 →      100行)
OK 许冬晓.md (3页 →       75行)
OK 许峻敏.md (3页 →       74行)
OK 许晓冰.md (4页 →       98行)
OK 许良根.md (3页 →       87行)
OK 许莉英.md (4页 →       97行)
OK 诸钦梯.md (3页 →       73行)
OK 谢奉军.md (4页 →       99行)
OK 谢忠顺.md (4页 →       94行)
OK 谢桂.md (3页 →       69行)
OK 谢跃进.md (4页 →       94行)
OK 谭伟.md (5页 →      124行)
OK 谷博.md (3页 →       68行)
OK 谷小雨.md (3页 →       81行)
OK 豆亚军.md (5页 →      113行)
OK 贵州克信博成投资管理有限公司.md (3页 →       68行)
OK 费景辉.md (3页 →       59行)
OK 贺重娇.md (3页 →       70行)
OK 贾景梅.md (3页 →       86行)
OK 赖进.md (2页 →       55行)
OK 赦宇.md (5页 →      140行)
OK 赫旭.md (4页 →       93行)
OK 赵为鹏.md (3页 →       66行)
OK 赵亮.md (4页 →      100行)
OK 赵冠群.md (3页 →       72行)
OK 赵君丽.md (3页 →       70行)
OK 赵小环.md (5页 →      117行)
OK 赵恒.md (2页 →       57行)
OK 赵木木.md (3页 →       70行)
OK 赵欣.md (3页 →       68行)
OK 赵独.md (4页 →      107行)
OK 赵红.md (3页 →       65行)
OK 赵闻必.md (5页 →      131行)
OK 赵青.md (5页 →      130行)
OK 辛伟.md (4页 →      108行)
OK 辛幸.md (3页 →       93行)
OK 达仁投资管理集团股份有限公司.md (5页 →      133行)
OK 通泰联合.md (4页 →      113行)
OK 邓天戏.md (3页 →       70行)
OK 邓洪伟.md (3页 →       71行)
OK 邓玮.md (4页 →       87行)
OK 邢明杰.md (6页 →      156行)
OK 邢春旭.md (2页 →       49行)
OK 邢艳.md (6页 →      176行)
OK 邵红.md (5页 →      144行)
OK 郑之琦.md (4页 →       89行)
OK 郑凯寅.md (3页 →       76行)
OK 郑君.md (4页 →       93行)
OK 郑君劳.md (3页 →       68行)
OK 郑字.md (7页 →      203行)
OK 郑州华夏海纳创业投资管理中心.md (2页 →       51行)
OK 郑星.md (3页 →       64行)
OK 郑玉峰.md (5页 →      140行)
OK 郑琦.md (3页 →       74行)
OK 郑锦桥.md (7页 →      191行)
