OK 李晓晴.md (4页 →      112行)
OK 李杀轩.md (4页 →      116行)
OK 李桂霞.md (5页 →      128行)
OK 李江妍.md (5页 →      136行)
OK 李洁.md (3页 →       87行)
OK 李海苛.md (6页 →      167行)
OK 李湘宁.md (4页 →       89行)
OK 李琳.md (2页 →       57行)
OK 李瑾.md (3页 →       68行)
OK 李至.md (5页 →      128行)
OK 李花叶.md (3页 →       68行)
OK 李莉.md (3页 →       95行)
OK 李莎莎.md (3页 →       72行)
OK 李融.md (3页 →       71行)
OK 李辉.md (2页 →       59行)
OK 李达.md (3页 →       63行)
OK 杜娜伟.md (5页 →      129行)
OK 杜惟角.md (5页 →      126行)
OK 杜景涛.md (4页 →      108行)
OK 杜月.md (3页 →       67行)
OK 杜梅.md (4页 →      109行)
OK 杜署钩.md (3页 →       62行)
OK 杜雪利.md (3页 →       84行)
OK 杨东升.md (3页 →       90行)
OK 杨云光.md (3页 →       83行)
OK 杨伟杰.md (2页 →       46行)
OK 杨佳飞.md (4页 →       99行)
OK 杨僵林.md (3页 →       63行)
OK 杨兆立.md (3页 →       86行)
OK 杨华勇.md (3页 →       84行)
OK 杨博威.md (4页 →      113行)
OK 杨卫平.md (3页 →       73行)
OK 杨吴东.md (7页 →      197行)
OK 杨志杰.md (4页 →       95行)
OK 杨志豪.md (4页 →      105行)
OK 杨思峰.md (6页 →      169行)
OK 杨振洲.md (3页 →       61行)
OK 杨晓华.md (4页 →       93行)
OK 杨智彬.md (4页 →      112行)
OK 杨杰.md (3页 →       81行)
OK 杨柳.md (2页 →       58行)
OK 杨棉棉.md (5页 →      142行)
OK 杨永荣.md (4页 →       94行)
OK 杨江萍.md (3页 →       74行)
OK 杨波.md (2页 →       56行)
OK 杨蛮江.md (2页 →       72行)
OK 杨表.md (3页 →       61行)
OK 杨长友.md (3页 →       73行)
OK 杨鹏.md (5页 →      123行)
OK 杭商资产管理.md (8页 →      247行)
OK 杭州侏罗纪投资管理有限公司.md (4页 →       94行)
OK 杭州嘉祺投资管理有限公司.md (4页 →      103行)
OK 杭州天域私募基金管理有限公司.md (4页 →       99行)
OK 杭州尚银资产管理有限公司.md (2页 →       66行)
OK 杭州巨鲸财富管理有限公司.md (3页 →       68行)
OK 杭州巨鲸资产管理有限公司.md (4页 →       89行)
OK 杭州巨鲸道胜资产管理有限公司.md (3页 →       89行)
OK 杭州慧创投资管理有限公司.md (4页 →      105行)
OK 杭州泽楠资产管理有限公司.md (4页 →      123行)
OK 杭州莱茵映雪投资管理有限公司.md (3页 →       79行)
OK 杭州蚤慧私幕基金管理有限公司.md (2页 →       58行)
OK 杭州锦元资产管理有限公司.md (4页 →      102行)
OK 杭州鲸彩投资合伙企业有限合伙以下简称鲸.md (3页 →       71行)
OK 林乘辉.md (3页 →       81行)
OK 林佳葛.md (3页 →       77行)
OK 林俊明.md (4页 →       89行)
OK 林彬.md (3页 →       81行)
OK 林思雨.md (3页 →       75行)
OK 林松青.md (3页 →       88行)
OK 林润石.md (5页 →      143行)
OK 林童.md (6页 →      159行)
OK 林锐壮.md (6页 →      148行)
OK 林静.md (3页 →       83行)
OK 柳家平.md (3页 →       67行)
OK 梁世超.md (2页 →       59行)
OK 梁劲.md (2页 →       53行)
OK 梁智强.md (4页 →      116行)
OK 欧向博.md (3页 →       70行)
OK 欧阳任渊.md (2页 →       65行)
OK 武汉北格私募基金管理有限公司.md (3页 →       75行)
OK 武汉妃道创业投资基金管理有限公司.md (5页 →      138行)
OK 武汉当代天信财富投资管理有限公司.md (4页 →      109行)
OK 武汉迪通致和投资管理有限公司.md (4页 →      125行)
OK 段然.md (3页 →       87行)
OK 毓祥.md (5页 →      149行)
OK 毕俊杰.md (3页 →       70行)
OK 毕蔓.md (3页 →       87行)
OK 毕雅丽.md (3页 →       67行)
OK 毛水荣.md (2页 →       54行)
OK 毛雪梅.md (3页 →       64行)
OK 民商华岳股权投资基金管理成都有限公司.md (5页 →      124行)
OK 汇君资产管理.md (3页 →       81行)
OK 江成林.md (5页 →      129行)
OK 江苏嘉和源资产管理有限公司.md (4页 →       89行)
OK 江苏安立丰资产管理有限公司.md (4页 →       96行)
OK 江苏害谷私募基金管理有限公司.md (4页 →      112行)
OK 江苏悦达善达股权投资基金管理有限公司.md (4页 →      100行)
OK 汪东.md (3页 →       82行)
OK 汪培植.md (3页 →       64行)
OK 汪晓宇.md (4页 →       91行)
OK 沈志玲.md (3页 →       67行)
OK 沈振鸿.md (3页 →       63行)
OK 沈毅.md (3页 →       83行)
OK 沈鹏.md (2页 →       64行)
OK 沈默.md (5页 →      131行)
OK 沙金.md (4页 →      103行)
OK 河北宝骏老工厂股权投资基金管理有限公司.md (3页 →       75行)
OK 河北建邦股权投资基金管理有限公司.md (4页 →       88行)
OK 河南厚建商务信息咨询有限公司.md (3页 →       80行)
OK 泓泉投资管理.md (3页 →       76行)
OK 济南乐知股权投资基金管理有限公司.md (7页 →      187行)
OK 浙江优策投资管理有限公司.md (5页 →      128行)
OK 浙江厚兴股权投资基金管理有限公司以下简称“浙.md (6页 →      182行)
OK 浙江厚道资产管理有限公司.md (4页 →      107行)
OK 浙江厚道资产管理有限公司以下简称“浙江厚道7.md (5页 →      154行)
OK 浙江安桥私暮基金管理有限公司.md (2页 →       59行)
OK 浙江晖鸿投资管理有限公司.md (3页 →       71行)
OK 浙江策信投资管理有限公司以下简称“浙江策信.md (3页 →       67行)
SKIP 海南千寻私募基金管理有限公司.md (已有      123 行)
OK 海南琢之堂私幕基金管理有限公司.md (5页 →      120行)
OK 海南省凯什私幕基金管理有限公司.md (4页 →      107行)
OK 涵棋资产管理.md (2页 →       54行)
OK 深圳万鼎富通股权投资管理有限公司.md (4页 →      108行)
OK 深圳优配私募证券基金管理有限公司.md (2页 →       58行)
OK 深圳伸斯麦资本管理有限公司.md (3页 →       63行)
OK 深圳侈然投资管理有限公司.md (3页 →       62行)
OK 深圳前海京信供销基金管理有限公司.md (3页 →       63行)
OK 深圳前海国恩资本管理有限公司.md (3页 →       84行)
OK 深圳前海慧网股权投资基金管理有限公司.md (4页 →       99行)
OK 深圳前海金万鸿基金管理有限公司.md (4页 →      110行)
OK 深圳前海铭鼎资产管理有限公司.md (2页 →       57行)
OK 深圳前海锦华基金管理有限公司.md (5页 →      135行)
OK 深圳南电基金管理有限公司.md (5页 →      133行)
