OK 吴林峰.md (3页 →       82行)
OK 吴益童.md (5页 →      136行)
OK 吴绮敏.md (3页 →       67行)
OK 吴让波.md (4页 →      104行)
OK 吴髓.md (3页 →       65行)
OK 吴鸣.md (6页 →      160行)
OK 周伟丽.md (3页 →       67行)
OK 周俊放.md (3页 →       83行)
OK 周婷.md (2页 →       56行)
OK 周宏胜.md (4页 →      101行)
OK 周寄.md (3页 →       94行)
OK 周成青.md (4页 →      121行)
OK 周承霖.md (3页 →       76行)
OK 周星余.md (3页 →       79行)
OK 周智彬.md (3页 →       69行)
OK 周杰.md (2页 →       58行)
OK 周梦蝶.md (2页 →       57行)
OK 周海波.md (3页 →       85行)
OK 周源.md (3页 →       82行)
OK 周炜彤.md (9页 →      266行)
OK 周玉升.md (5页 →      127行)
OK 周艳山.md (4页 →      107行)
OK 周豆.md (4页 →      103行)
OK 和孙小明.md (2页 →       59行)
OK 和孙建冬.md (3页 →       76行)
OK 和孙洋.md (4页 →      105行)
OK 和孙烛峰.md (3页 →       85行)
OK 和孙策.md (3页 →       92行)
OK 和孙雅心.md (3页 →       65行)
OK 和岩.md (2页 →       61行)
OK 和王.md (3页 →       61行)
OK 品今北京资产管理有限公司.md (4页 →      108行)
OK 唐代毅.md (4页 →       99行)
OK 唐伟明.md (3页 →       69行)
OK 唐传海.md (3页 →       70行)
OK 唐春华.md (2页 →       68行)
OK 唐银燕.md (2页 →       61行)
OK 唯信.md (3页 →       86行)
OK 嘉兴绿合创业投资有限公司.md (4页 →      103行)
OK 嘉兴菲南斯投资管理有限公司.md (5页 →      143行)
OK 四川东方添富股权投资基金管理有限公司.md (4页 →       92行)
OK 四川时祥股权投资基金有限公司.md (5页 →      131行)
OK 四川译信股权投资基金管理有限公司.md (4页 →       96行)
OK 四川银创晶新私募基金管理有限公司.md (5页 →      145行)
OK 国形万和私募基金管理有限公司.md (4页 →      110行)
OK 国融输译基金管理.md (2页 →       66行)
OK 国都京融.md (4页 →      108行)
OK 圣商资本管理有限公司.md (4页 →       95行)
OK 圳力.md (3页 →       65行)
OK 圳华明.md (3页 →       77行)
OK 圳华星.md (3页 →       78行)
OK 堆楠.md (2页 →       52行)
OK 备文超.md (3页 →       79行)
OK 复兴私幕基金管理.md (3页 →       66行)
OK 夏力.md (3页 →      103行)
OK 夏芸龙.md (3页 →       90行)
OK 夏蛋.md (4页 →       97行)
OK 夕康私幕基金.md (2页 →       62行)
OK 大庆至科产业基金管理有限公司.md (4页 →      105行)
OK 天汗天蛋投资有限公司.md (3页 →       79行)
OK 天润资本管理.md (3页 →       67行)
OK 天首投资基金管理北京有限公司以下简称“天.md (2页 →       54行)
OK 太平国发条和.md (4页 →       95行)
OK 好鸿酒.md (4页 →       96行)
OK 姚少杰.md (5页 →      127行)
OK 姚春蕾.md (3页 →       72行)
OK 姚晋新.md (3页 →       65行)
OK 姜因.md (2页 →       56行)
OK 娄丽丽.md (4页 →       94行)
OK 孙婷婷.md (4页 →      107行)
OK 孙建疲.md (2页 →       50行)
OK 孙敏慧.md (2页 →       52行)
OK 孙文涛.md (2页 →       51行)
OK 孙江.md (3页 →       74行)
OK 孙璐璐.md (3页 →       94行)
OK 孙良.md (3页 →       62行)
OK 宁夏泰异祥资产管理有限公司.md (2页 →       47行)
OK 宁波宽客宏文控股有限公司.md (2页 →       60行)
OK 守云雁.md (4页 →      116行)
OK 守波甬邦投资管理有限公司以下简称“宁波甬耕2.md (3页 →       74行)
OK 守波镇海遂真投资管理有限公司.md (4页 →      101行)
OK 安军.md (2页 →       61行)
OK 安利园.md (3页 →       63行)
OK 安徽拭瑞资产管理有限公司以下简称“安徽拭瑞2.md (2页 →       48行)
OK 宋子亮.md (5页 →      126行)
OK 宋笑字.md (9页 →      239行)
OK 宋轩寒.md (4页 →      102行)
OK 宋鹏.md (4页 →       99行)
OK 宕一.md (2页 →       61行)
OK 官涛.md (3页 →       71行)
OK 寿宁投资管理.md (3页 →       73行)
OK 尉亲.md (6页 →      162行)
SKIP 尹伟霖.md (已有       70 行)
OK 屈青.md (2页 →       53行)
OK 属志成.md (4页 →      117行)
OK 山东图灵私募基金管理有限公司.md (2页 →       58行)
OK 山西交控股权投资管理有限公司.md (4页 →      116行)
OK 左正三.md (5页 →      116行)
OK 帖玮婷.md (3页 →       71行)
OK 平安财富理财管理有限公司.md (4页 →       94行)
OK 平漂融诚德润私募基金管理有限公司.md (5页 →      118行)
OK 广东华辉创富投资管理有限公司.md (3页 →       79行)
OK 广东华迪投资集团有限公司.md (5页 →      120行)
OK 广东同创基金管理有限公司.md (3页 →       82行)
OK 广东弘安资产管理有限公司.md (3页 →       77行)
OK 广东持杀资产管理有限公司.md (3页 →       66行)
OK 广东文投国富股权投资基金管理有限公司.md (4页 →      113行)
OK 广东新价值投资有限公司以下简称“广东新价值”.md (4页 →      103行)
OK 广东横琴均成私募基金管理有限公司.md (4页 →      122行)
OK 广东百氏福股权投资基金管理有限公司.md (3页 →       68行)
OK 广东盖亚投资管理有限公司.md (2页 →       50行)
OK 广东邦顺投资有限公司.md (5页 →      147行)
SKIP 广东领新私募证券基金管理有限公司.md (已有      137 行)
OK 广东龙盈资产管理有限公司.md (5页 →      136行)
OK 广州国卓资产管理有限公司.md (4页 →       96行)
OK 广州基岩资产管理有限公司.md (3页 →       91行)
OK 广州论德投资管理有限公司.md (2页 →       63行)
OK 广济惠达投资管理.md (4页 →      110行)
OK 庄琦.md (3页 →       87行)
OK 庞巧.md (3页 →       64行)
OK 康伟.md (2页 →       53行)
OK 开金信合基金管理有限公司.md (5页 →      140行)
OK 弘森.md (3页 →       81行)
OK 张东杰.md (4页 →       92行)
OK 张云飞.md (3页 →       88行)
OK 张伟杰.md (3页 →       65行)
OK 张先贵.md (2页 →       60行)
OK 张凡.md (4页 →      110行)
OK 张则斌.md (4页 →      121行)
OK 张协德.md (3页 →       90行)
OK 张卫军.md (3页 →       75行)
OK 张哲.md (3页 →       86行)
