SKIP LiXiang.md (已有      131 行)
SKIP 丁浩.md (已有       97 行)
SKIP 万佳海.md (已有       69 行)
SKIP 万易国际股权投资基金管理.md (已有       98 行)
SKIP 三亚兆恒私幕基金管理合伙企业.md (已有       66 行)
SKIP 三度星和北京投资有限公司.md (已有       57 行)
SKIP 上海一扇门私幕基金管理有限公司.md (已有       83 行)
SKIP 上海三商资产管理有限公司.md (已有       57 行)
SKIP 上海世祖资产管理有限公司.md (已有      158 行)
SKIP 上海世联行股权投资管理有限公司.md (已有      100 行)
SKIP 上海业如天建投资管理有限公司.md (已有      112 行)
SKIP 上海丰穗投资管理有限公司.md (已有       83 行)
OK 上海乎莹资产管理有限公司〔以下简称上海匀葛.md (2页 →       52行)
OK 上海乾梦资产管理有限公司以下简称”上海乾更.md (4页 →      120行)
OK 上海云炜资产管理有限公司.md (2页 →       40行)
OK 上海亚格投资管理有限公司.md (3页 →       83行)
OK 上海佳律私幕基金管理有限公司.md (2页 →       61行)
OK 上海元亭王道私募基金管理有限公司.md (3页 →       74行)
OK 上海净得投资管理合伙企业.md (2页 →       64行)
SKIP 上海创丰昕汇创业投资管理有限公司.md (已有       81 行)
OK 上海勤法投资管理中心.md (3页 →       66行)
OK 上海华烁投资管理有限公司.md (4页 →      119行)
OK 上海南土资产管理有限公司.md (3页 →       67行)
OK 上海双创投资管理有限公司.md (4页 →      105行)
OK 上海吉楚资产管理有限公司.md (5页 →      141行)
OK 上海同量私幕基金管理有限公司.md (3页 →       81行)
OK 上海君犀投资管理有限公司.md (3页 →       76行)
OK 上海和申投资管理有限公司.md (2页 →       45行)
OK 上海唐妖投资有限责任公司.md (2页 →       59行)
OK 上海善流投资管理有限公司.md (2页 →       55行)
OK 上海图斯投资管理有限公司.md (3页 →       80行)
OK 上海复嘻资产管理有限公司.md (3页 →       92行)
OK 上海实财私募基金管理有限公司.md (5页 →      129行)
OK 上海富善投资有限公司.md (2页 →       63行)
OK 上海小村资产管理有限公司.md (7页 →      210行)
OK 上海展现投资管理有限公司.md (3页 →       75行)
OK 上海广怀投资管理有限公司.md (3页 →       74行)
OK 上海庞增投资管理中心有限合伙.md (3页 →       79行)
OK 上海执古资产管理有限公司以下简称上海执.md (5页 →      128行)
OK 上海日升昌行股权投资基金管理有限公司.md (3页 →       81行)
OK 上海明流投资管理有限公司以下简称明溉投资.md (3页 →       64行)
OK 上海易德至投资管理中心.md (3页 →       82行)
OK 上海映雪投资管理中心.md (3页 →       86行)
OK 上海晋匣投资管理有限公司.md (6页 →      171行)
OK 上海景洲投资管理有限公司.md (4页 →      111行)
OK 上海朴道投资有限公司.md (2页 →       54行)
OK 上海朴道瑞富投资管理中心有限合伙以下简称.md (2页 →       55行)
OK 上海极溉私幕基金管理有限公司.md (3页 →       76行)
OK 上海查泽投资管理有限公司.md (4页 →      101行)
OK 上海永贸投资管理有限公司.md (4页 →       91行)
OK 上海汇诺投资管理有限公司.md (3页 →       76行)
OK 上海汉心景红投资管理有限公司.md (2页 →       55行)
OK 上海浪菏资产管理有限公司.md (2页 →       42行)
OK 上海淘谷资产管理有限公司.md (3页 →       72行)
OK 上海激石投资管理事务所.md (3页 →       67行)
OK 上海烟万投资管理有限公司.md (2页 →       50行)
OK 上海玉头投资管理有限公司.md (3页 →       92行)
OK 上海琳灵资产管理有限公司.md (2页 →       54行)
OK 上海电泰智索资产管理有限公司.md (3页 →       70行)
OK 上海百瑞资产管理有限公司.md (4页 →       90行)
OK 上海益神私募基金管理有限公司.md (5页 →      150行)
OK 上海磁谷投资管理有限公司.md (3页 →       71行)
OK 上海祥乾私幕基金管理有限公司.md (3页 →       87行)
OK 上海稻满私暮基金管理有限公司.md (3页 →       75行)
OK 上海竟嘉创业投资管理有限公司.md (6页 →      165行)
OK 上海竹润投资有限公司.md (2页 →       61行)
OK 上海筷省资产管理有限公司.md (2页 →       56行)
OK 上海红墙泰和基金管理有限公司.md (5页 →      137行)
OK 上海红檀私募基金管理有限公司.md (4页 →       93行)
OK 上海草新私募基金管理有限公司.md (4页 →      102行)
OK 上海荣石投资管理有限公司.md (4页 →      123行)
OK 上海蛋水私募基金管理有限公司.md (5页 →      116行)
OK 上海角蛋投资管理有限公司.md (3页 →       66行)
OK 上海象学资产管理中心.md (2页 →       58行)
OK 上海达仁资产管理有限公司.md (4页 →      109行)
OK 上海郡领投资有限公司.md (4页 →      114行)
OK 上海长富投资管理有限公司.md (4页 →      118行)
OK 上海阳潮投资管理有限公司.md (4页 →       90行)
OK 上海领中资产管理有限公司.md (4页 →       97行)
OK 上海马洲股权投资基金管理有限公司.md (11页 →       46行)
OK 东令.md (3页 →       83行)
OK 东水天有蛋私暮基金管理.md (4页 →       98行)
OK 东湖产业投资基金管理有限公司.md (5页 →      152行)
OK 严建红.md (4页 →      109行)
OK 严斌.md (3页 →       75行)
OK 严石.md (3页 →       87行)
OK 中人金创新.md (4页 →      101行)
OK 中保理想投资管理有限公司.md (3页 →       64行)
OK 中商联合财富投资基金.md (6页 →      160行)
OK 中谷汇海投资基金管理.md (3页 →       64行)
OK 中金创新.md (6页 →      161行)
OK 中金创新北京资产管理有限公司.md (7页 →      186行)
OK 中金前海.md (6页 →      172行)
OK 中阅资本管理股份公司.md (2页 →       42行)
OK 丰圣财富资产管理有限公司.md (3页 →       88行)
OK 久泰蓝山.md (3页 →       72行)
OK 义乌市高创投资管理有限公司.md (3页 →       69行)
OK 乐征楠.md (3页 →       67行)
OK 乔中兴.md (3页 →       65行)
OK 乔云生.md (3页 →       71行)
OK 于丽霞.md (4页 →       94行)
OK 云六投资管理.md (3页 →       66行)
OK 京智.md (4页 →      116行)
OK 仓元庆.md (3页 →       74行)
OK 仓军.md (3页 →       81行)
OK 付秋杰.md (4页 →      101行)
OK 代朋.md (2页 →       56行)
OK 仲丽惹.md (4页 →       97行)
OK 件宇.md (3页 →       94行)
OK 任雪莲.md (5页 →      122行)
OK 传建萍.md (3页 →       94行)
OK 估柳美.md (3页 →       82行)
OK 何万强.md (3页 →       87行)
OK 何军.md (5页 →      141行)
OK 何勇.md (2页 →       57行)
OK 何影玲.md (2页 →       50行)
OK 何望奏.md (2页 →       59行)
OK 何永刚.md (3页 →       85行)
OK 何沛.md (6页 →      152行)
OK 何炫.md (4页 →      111行)
OK 何玉清.md (3页 →       76行)
OK 何禹.md (2页 →       57行)
OK 何红章.md (3页 →       88行)
OK 何赵伟.md (3页 →       77行)
OK 何锡红.md (3页 →       72行)
OK 余利勇.md (4页 →       90行)
OK 余斌试.md (3页 →       81行)
OK 余艺.md (3页 →       65行)
OK 余重钊.md (3页 →       65行)
OK 侍亦农.md (3页 →       73行)
OK 侯亚楠.md (3页 →       65行)
OK 信和泉和业.md (5页 →      142行)
OK 元聚资本管理有限公司.md (3页 →       81行)
