OK 部雪.md (3页 →       70行)
OK 郭天佑.md (4页 →      105行)
OK 郭政.md (2页 →       65行)
OK 郭旗.md (4页 →      115行)
OK 郭杰.md (5页 →      119行)
OK 郭海英.md (5页 →      116行)
OK 郭海龙.md (3页 →       68行)
OK 郭雄.md (3页 →       76行)
OK 重丹.md (3页 →       78行)
OK 重庆人金科股权投资基金管理有限公司.md (4页 →       98行)
OK 重庆先石投资管理有限公司.md (2页 →       53行)
SKIP 重庆德众合元股权投资基金管理有限公司.md (已有      116 行)
OK 重庆德镁股权投资基金管理有限公司.md (5页 →      130行)
OK 重庆顺势创行股权投资基金管理有限公司.md (3页 →       84行)
OK 金时.md (3页 →       71行)
OK 金良.md (4页 →      103行)
OK 钟垒.md (4页 →       98行)
OK 钟洁.md (3页 →       75行)
OK 钟浩输.md (3页 →       81行)
OK 钟雪帆.md (4页 →      101行)
OK 钟鹿.md (8页 →      238行)
OK 钱吉霞.md (3页 →       83行)
OK 钱表丽.md (4页 →       93行)
OK 铭壹博通.md (4页 →      103行)
OK 银信联合.md (3页 →       71行)
OK 长瑞.md (4页 →      103行)
OK 间仲华.md (3页 →       68行)
OK 间晓林.md (3页 →       88行)
OK 阿比垂直武汉私莫基金管理有限公司.md (4页 →       88行)
OK 陆春芹.md (3页 →       86行)
OK 陆汉华.md (3页 →       77行)
OK 陆浦财富管理上海有限公司.md (2页 →       57行)
OK 陈一锋.md (3页 →       80行)
OK 陈元.md (3页 →       95行)
OK 陈冠宇.md (3页 →       91行)
OK 陈冠床.md (3页 →       83行)
OK 陈加清.md (2页 →       58行)
OK 陈友潼.md (3页 →       67行)
OK 陈均.md (3页 →       78行)
OK 陈宁.md (3页 →       83行)
OK 陈宪生.md (3页 →       77行)
OK 陈展.md (3页 →       75行)
OK 陈志平.md (4页 →      104行)
OK 陈志轩.md (2页 →       46行)
OK 陈志辉.md (4页 →      106行)
OK 陈怡守.md (4页 →       97行)
OK 陈文安.md (3页 →       74行)
OK 陈新立.md (5页 →      133行)
OK 陈方勇.md (3页 →       66行)
OK 陈晓王昔.md (2页 →       53行)
OK 陈晓蒜.md (3页 →       76行)
OK 陈杰.md (4页 →       91行)
OK 陈松璐.md (5页 →      129行)
OK 陈标.md (5页 →      127行)
OK 陈海良.md (3页 →       75行)
OK 陈特等.md (3页 →       68行)
OK 陈璐斯.md (6页 →      151行)
OK 陈硕颖.md (3页 →       63行)
OK 陈祥兴.md (3页 →       84行)
OK 陈苦.md (3页 →       75行)
OK 陈菊英.md (5页 →      122行)
OK 陈超.md (3页 →       77行)
OK 陈锦.md (4页 →      110行)
OK 陈颖.md (4页 →      117行)
OK 雇俊琼.md (5页 →      125行)
OK 雷强.md (3页 →       71行)
OK 雷羽.md (3页 →       86行)
OK 青岛城投能源股权投资管理有限公司.md (3页 →       79行)
OK 青岛安芮兰创业投资管理有限公司.md (3页 →       66行)
OK 青岛祺顺投资管理有限公司.md (4页 →      103行)
OK 青岛青石资产管理有限公司.md (5页 →      127行)
OK 韦然.md (3页 →       65行)
OK 韩东.md (2页 →       65行)
OK 韩森.md (3页 →       78行)
OK 韩露.md (4页 →      101行)
OK 领上资产管理有限公司.md (4页 →       92行)
OK 饰祥.md (3页 →       66行)
OK 首金联合资本管理北京有限公司.md (4页 →      102行)
OK 香溢融通.md (3页 →       61行)
OK 马万良.md (3页 →       65行)
OK 马倩.md (5页 →      137行)
OK 马哲辉.md (3页 →       64行)
OK 马硕.md (4页 →       99行)
OK 马腾飞.md (4页 →      117行)
OK 马辰蔓.md (3页 →       88行)
OK 马霄飞.md (3页 →       91行)
OK 马鳞.md (3页 →       84行)
OK 驴佳下.md (4页 →      104行)
OK 骆俊标.md (3页 →       75行)
OK 骆春杰.md (3页 →       62行)
OK 高凡.md (5页 →      127行)
OK 高嘉乐.md (2页 →       61行)
OK 高守良.md (3页 →       66行)
OK 高峰.md (3页 →       82行)
OK 高强.md (3页 →       93行)
OK 高明.md (3页 →       91行)
OK 高杰.md (3页 →       65行)
OK 高艳萍.md (4页 →      119行)
OK 高蕾.md (3页 →       90行)
OK 魏广超.md (2页 →       65行)
OK 魏秀忠.md (3页 →       70行)
OK 魏红杰.md (4页 →      116行)
OK 鲫曼丽.md (3页 →       76行)
OK 鹿朝辉.md (4页 →      121行)
OK 黄伟.md (3页 →       80行)
OK 黄倒.md (2页 →       58行)
OK 黄兰英.md (3页 →       65行)
OK 黄勤.md (3页 →       77行)
OK 黄岩.md (4页 →      100行)
OK 黄峰.md (4页 →       97行)
OK 黄希.md (3页 →       81行)
OK 黄志标.md (2页 →       64行)
OK 黄振云.md (4页 →       92行)
OK 黄效.md (4页 →      112行)
OK 黄文志.md (2页 →       62行)
OK 黄新农.md (4页 →      100行)
OK 黄明明.md (4页 →       89行)
OK 黄正宏.md (3页 →       80行)
OK 黄歼阳.md (5页 →      139行)
OK 黄永长.md (3页 →       83行)
OK 黄江红.md (3页 →       81行)
OK 黄绵艇.md (3页 →       68行)
OK 黄邵隆.md (3页 →       79行)
OK 黄静波.md (3页 →       84行)
OK 黄鹏良.md (2页 →       47行)
OK 黎雨.md (3页 →       95行)
OK 齐丹.md (2页 →       59行)
OK 齐延冲.md (4页 →      115行)
SKIP 龙树资本管理股份有限公司以下简称“龙树资本六.md (已有       78 行)
