OK 深圳君室通资本管理有限公司.md (3页 →       72行)
OK 深圳基成资本管理有限公司.md (3页 →       72行)
OK 深圳大华信安私募证券基金管理企业.md (4页 →      115行)
OK 深圳市上元资本管理有限公司以下简称深圳上元.md (2页 →       57行)
OK 深圳市东土盛唐投资基金管理有限公司.md (4页 →      111行)
OK 深圳市中科杰锐投资管理有限公司.md (3页 →       80行)
OK 深圳市丹桂顺资产管理有限公司.md (5页 →      136行)
OK 深圳市乐创财富资本管理有限公司.md (3页 →       81行)
OK 深圳市僵安信资产管理有限公司.md (3页 →      110行)
OK 深圳市元宋投资管理有限公司.md (4页 →      107行)
OK 深圳市冠石资产管理有限公司.md (2页 →       56行)
SKIP 深圳市前海守屹尚丰私幕证券基金有限公司.md (已有       78 行)
OK 深圳市前海金聚立投资基金管理有限公司.md (3页 →       64行)
OK 深圳市国富金源投资管理有限公司.md (5页 →      131行)
OK 深圳市国泽投资管理有限公司.md (4页 →      124行)
OK 深圳市国财资产管理有限公司.md (2页 →       61行)
OK 深圳市展鸿投资有限公司以下简称深圳展鸿.md (3页 →       70行)
OK 深圳市恒泰永成投资管理有限公司.md (5页 →      127行)
OK 深圳市斯沃普资产管理有限公司.md (4页 →       90行)
OK 深圳市沃丰远投资管理有限公司.md (3页 →       85行)
OK 深圳市津丰创富投资管理有限公司.md (3页 →       76行)
OK 深圳市海田投资管理有限公司.md (2页 →       55行)
OK 深圳市润石资产管理有限公司以下简称深圳润石.md (6页 →      153行)
OK 深圳市潮信资产管理有限公司.md (4页 →       98行)
OK 深圳市燕园基金管理有限公司以下简称燕园基金.md (4页 →      107行)
OK 深圳市盛世华章投资有限公司.md (3页 →       83行)
OK 深圳市老虎汇资产管理有限公司.md (5页 →      131行)
OK 深圳市腾邦梧桐投资有限公司以下简称腾邦梧桐.md (4页 →      123行)
OK 深圳市融泰汇通投资有限公司.md (3页 →       74行)
OK 深圳市诚和昌和私募证券基金管理有限公司.md (3页 →       64行)
OK 深圳市财富森林资产管理有限公司.md (5页 →      120行)
OK 深圳市达达基金管理有限公司.md (7页 →      182行)
OK 深圳市黑岩中盛资产管理有限公司.md (2页 →       55行)
OK 深圳常青藤私募证券基金管理有限公司.md (2页 →       46行)
OK 深圳建泓时代私募证券基金管理有限公司.md (4页 →       99行)
OK 深圳永卓资本管理有限公司.md (2页 →       57行)
OK 深圳泽润股权投资基金管理有限公司.md (6页 →      171行)
OK 深圳深国融前海金融管理股份公司.md (6页 →      164行)
OK 深圳温莎资本管理有限公司.md (4页 →      111行)
OK 深圳玄坛资产管理有限公司.md (3页 →       70行)
OK 深圳科乐投资管理企业.md (6页 →      164行)
OK 深圳第二基金管理有限公司以下简称“第二基金2.md (5页 →      149行)
OK 深圳金砖公用资产管理有限公司.md (4页 →      105行)
OK 深圳陆羽基金管理有限公司.md (4页 →      101行)
OK 深圳雪杉基金管理有限公司.md (3页 →       84行)
OK 深圳齐兴资产管理有限公司.md (2页 →       46行)
OK 温小俊.md (2页 →       51行)
OK 温梦元.md (2页 →       59行)
OK 温远通.md (3页 →       73行)
OK 湖南伟大股权投资基金管理有限公司.md (5页 →      132行)
OK 湖南枫石私幕股权投资基金管理有限公司.md (3页 →       69行)
OK 湘联控股有限公司.md (2页 →       51行)
OK 潘剑波.md (2页 →       62行)
OK 潘庆阳.md (4页 →      107行)
OK 潘林明.md (3页 →       72行)
OK 潘表.md (3页 →       75行)
OK 潘跃华.md (4页 →       88行)
OK 焦义.md (3页 →       69行)
OK 焦健.md (4页 →      115行)
OK 焦克.md (3页 →       66行)
OK 狄思好.md (3页 →       66行)
OK 王一博.md (2页 →       56行)
OK 王万.md (2页 →       58行)
OK 王上曦.md (5页 →      117行)
OK 王丹.md (3页 →      100行)
OK 王丽娟.md (3页 →       65行)
OK 王久.md (5页 →      145行)
OK 王书辉.md (4页 →      108行)
OK 王争争.md (5页 →      116行)
OK 王二龙.md (5页 →      130行)
OK 王仁松.md (3页 →       83行)
OK 王伟.md (3页 →       78行)
OK 王凡.md (5页 →      124行)
OK 王四光.md (4页 →      104行)
OK 王国忠.md (3页 →       74行)
OK 王在.md (4页 →      103行)
OK 王基潮.md (4页 →      105行)
OK 王学军.md (3页 →       68行)
OK 王宪.md (5页 →      121行)
OK 王帅.md (2页 →       59行)
OK 王建辉.md (3页 →       64行)
OK 王惠.md (3页 →       67行)
OK 王成林.md (3页 →       66行)
OK 王振龙.md (4页 →       90行)
OK 王文广.md (6页 →      165行)
OK 王方振.md (6页 →      173行)
SKIP 王旦.md (已有       75 行)
OK 王明望.md (6页 →      159行)
OK 王春.md (5页 →      126行)
OK 王晓东.md (3页 →       85行)
OK 王晓妍.md (2页 →       58行)
OK 王梦星.md (3页 →       92行)
OK 王森.md (4页 →       94行)
OK 王泣.md (4页 →      108行)
OK 王洲.md (3页 →       76行)
OK 王海鹏.md (7页 →      177行)
OK 王淘.md (4页 →      112行)
OK 王渊.md (4页 →      108行)
OK 王玉蛟.md (3页 →       83行)
OK 王疾.md (3页 →       75行)
OK 王益锋.md (4页 →      122行)
OK 王祥.md (3页 →       71行)
OK 王若轩.md (2页 →       61行)
OK 王萍.md (4页 →       91行)
OK 王蕾.md (4页 →      104行)
OK 王藏明.md (4页 →      111行)
OK 王行健.md (2页 →       67行)
OK 王道恩.md (4页 →      121行)
OK 王醒.md (3页 →       67行)
OK 王锟鹏.md (2页 →       47行)
OK 王陶陶.md (3页 →       63行)
OK 王靖儒.md (3页 →       77行)
OK 王鸣.md (4页 →       98行)
OK 珠海市聚隆投资管理有限公司.md (3页 →       79行)
OK 珠海涵棋私募股权基金管理有限公司.md (3页 →       81行)
OK 珠海畜邦私暮股权投资基金管理有限公司.md (4页 →      121行)
OK 琅现北京投资管理有限公司.md (3页 →       88行)
OK 瑞丰天利.md (3页 →       69行)
OK 甘抑旭.md (5页 →      140行)
OK 甘贝.md (2页 →       56行)
OK 甘露.md (4页 →       95行)
OK 甬能.md (2页 →       57行)
OK 田亮.md (3页 →       70行)
OK 田红波.md (5页 →      125行)
OK 申军.md (3页 →       74行)
OK 白云内.md (3页 →       68行)
OK 白腾.md (5页 →      141行)
OK 白道法.md (4页 →      102行)
OK 盏荣刚.md (7页 →      177行)
OK 石秀娟.md (3页 →       78行)
OK 福建冠城资产管理有限公司.md (3页 →       77行)
OK 福建北辰星投资管理有限公司.md (4页 →      116行)
OK 福建匹克投资管理有限公司以下简称“福建匹克”.md (2页 →       55行)
